// Vitest Snapshot v1, https://vitest.dev/guide/snapshot.html

exports[`Misc APIs (E2E)  > datastores() 1`] = `
[
  {
    "allowsUpload": true,
    "jobsEnabled": false,
    "jobsSupportedByAvailableWorkers": [],
    "name": "localhost",
    "url": "http://localhost:9000",
  },
]
`;

exports[`Misc APIs (E2E)  > getFeatureToggles() 1`] = `
{
  "alignmentCostPerGVx": 0.5,
  "allowDeleteDatasets": true,
  "bucketSaveWarningThreshold": 1000,
  "costPerCreditInDollar": 5.75,
  "costPerCreditInEuro": 5,
  "defaultToLegacyBindings": false,
  "discussionBoard": "https://forum.image.sc/tag/webknossos",
  "discussionBoardRequiresAdmin": false,
  "editableMappingsEnabled": true,
  "exportTiffMaxEdgeLengthVx": 8192,
  "exportTiffMaxVolumeMVx": 1024,
  "hideNavbarLogin": false,
  "isWkorgInstance": false,
  "jobsEnabled": false,
  "mitochondriaInferralCostPerGVx": 0.5,
  "neuronInferralCostPerGVx": 1,
  "openIdConnectEnabled": false,
  "optInTabs": [
    "ConnectomeView",
  ],
  "passkeysEnabled": false,
  "publicDemoDatasetUrl": "https://webknossos.org/datasets/scalable_minds/l4dense_motta_et_al_demo",
  "recommendWkorgInstance": true,
  "registerToDefaultOrgaEnabled": true,
  "segmentAnythingEnabled": false,
  "taskReopenAllowedInSeconds": 30,
  "voxelyticsEnabled": false,
}
`;
