// Vitest Snapshot v1, https://vitest.dev/guide/snapshot.html

exports[`Project API (E2E) > createProject and deleteProject 1`] = `
{
  "created": "created",
  "expectedTime": 60000,
  "id": "id",
  "isBlacklistedFromReport": true,
  "name": "test-new-project",
  "owner": {
    "email": "user_A@scalableminds.com",
    "firstName": "user_A",
    "id": "id",
    "isAdmin": true,
    "isAnonymous": false,
    "isDatasetManager": true,
    "lastName": "last_A",
    "teams": [
      {
        "id": "id",
        "isTeamManager": true,
        "name": "team_X1",
      },
      {
        "id": "id",
        "isTeamManager": false,
        "name": "team_X3",
      },
      {
        "id": "id",
        "isTeamManager": true,
        "name": "team_X4",
      },
    ],
  },
  "paused": false,
  "priority": 1,
  "team": "570b9f4b2a7c0e3b008da6ec",
  "teamName": "team_X1",
}
`;

exports[`Project API (E2E) > createProject and deleteProject 2`] = `
{
  "messages": [
    {
      "success": "Project was removed successfully",
    },
  ],
}
`;

exports[`Project API (E2E) > getProject(projectId: string) 1`] = `
{
  "created": "created",
  "expectedTime": 90,
  "id": "id",
  "isBlacklistedFromReport": false,
  "name": "Test_Project",
  "owner": {
    "email": "user_A@scalableminds.com",
    "firstName": "user_A",
    "id": "id",
    "isAdmin": true,
    "isAnonymous": false,
    "isDatasetManager": true,
    "lastName": "last_A",
    "teams": [
      {
        "id": "id",
        "isTeamManager": true,
        "name": "team_X1",
      },
      {
        "id": "id",
        "isTeamManager": false,
        "name": "team_X3",
      },
      {
        "id": "id",
        "isTeamManager": true,
        "name": "team_X4",
      },
    ],
  },
  "paused": false,
  "priority": 100,
  "team": "570b9f4b2a7c0e3b008da6ec",
  "teamName": "team_X1",
}
`;

exports[`Project API (E2E) > getProjects() 1`] = `
[
  {
    "created": "created",
    "expectedTime": 90,
    "id": "id",
    "isBlacklistedFromReport": false,
    "name": "Test_Project",
    "owner": {
      "email": "user_A@scalableminds.com",
      "firstName": "user_A",
      "id": "id",
      "isAdmin": true,
      "isAnonymous": false,
      "isDatasetManager": true,
      "lastName": "last_A",
      "teams": [
        {
          "id": "id",
          "isTeamManager": true,
          "name": "team_X1",
        },
        {
          "id": "id",
          "isTeamManager": false,
          "name": "team_X3",
        },
        {
          "id": "id",
          "isTeamManager": true,
          "name": "team_X4",
        },
      ],
    },
    "paused": false,
    "priority": 100,
    "team": "570b9f4b2a7c0e3b008da6ec",
    "teamName": "team_X1",
  },
  {
    "created": "created",
    "expectedTime": 90,
    "id": "id",
    "isBlacklistedFromReport": false,
    "name": "Test_Project2",
    "owner": {
      "email": "user_D@scalableminds.com",
      "firstName": "user_D",
      "id": "id",
      "isAdmin": false,
      "isAnonymous": false,
      "isDatasetManager": false,
      "lastName": "last_D",
      "teams": [
        {
          "id": "id",
          "isTeamManager": true,
          "name": "team_X2",
        },
      ],
    },
    "paused": false,
    "priority": 90,
    "team": "69882b370d889b84020efd4f",
    "teamName": "team_X2",
  },
  {
    "created": "created",
    "expectedTime": 90,
    "id": "id",
    "isBlacklistedFromReport": false,
    "name": "Test_Project3(for_annotation_mutations)",
    "owner": {
      "email": "user_D@scalableminds.com",
      "firstName": "user_D",
      "id": "id",
      "isAdmin": false,
      "isAnonymous": false,
      "isDatasetManager": false,
      "lastName": "last_D",
      "teams": [
        {
          "id": "id",
          "isTeamManager": true,
          "name": "team_X2",
        },
      ],
    },
    "paused": false,
    "priority": 100,
    "team": "69882b370d889b84020efd4f",
    "teamName": "team_X2",
  },
  {
    "created": "created",
    "expectedTime": 90,
    "id": "id",
    "isBlacklistedFromReport": false,
    "name": "Test_Project4",
    "owner": {
      "email": "user_A@scalableminds.com",
      "firstName": "user_A",
      "id": "id",
      "isAdmin": true,
      "isAnonymous": false,
      "isDatasetManager": true,
      "lastName": "last_A",
      "teams": [
        {
          "id": "id",
          "isTeamManager": true,
          "name": "team_X1",
        },
        {
          "id": "id",
          "isTeamManager": false,
          "name": "team_X3",
        },
        {
          "id": "id",
          "isTeamManager": true,
          "name": "team_X4",
        },
      ],
    },
    "paused": false,
    "priority": 200,
    "team": "570b9f4b2a7c0e3b008da6ec",
    "teamName": "team_X1",
  },
]
`;

exports[`Project API (E2E) > getProjectsWithStatus() 1`] = `
[
  {
    "created": "created",
    "expectedTime": 90,
    "id": "id",
    "isBlacklistedFromReport": false,
    "name": "Test_Project",
    "owner": {
      "email": "user_A@scalableminds.com",
      "firstName": "user_A",
      "id": "id",
      "isAdmin": true,
      "isAnonymous": false,
      "isDatasetManager": true,
      "lastName": "last_A",
      "teams": [
        {
          "id": "id",
          "isTeamManager": true,
          "name": "team_X1",
        },
        {
          "id": "id",
          "isTeamManager": false,
          "name": "team_X3",
        },
        {
          "id": "id",
          "isTeamManager": true,
          "name": "team_X4",
        },
      ],
    },
    "paused": false,
    "pendingInstances": 19,
    "priority": 100,
    "team": "570b9f4b2a7c0e3b008da6ec",
    "teamName": "team_X1",
    "tracingTime": "tracingTime",
  },
  {
    "created": "created",
    "expectedTime": 90,
    "id": "id",
    "isBlacklistedFromReport": false,
    "name": "Test_Project2",
    "owner": {
      "email": "user_D@scalableminds.com",
      "firstName": "user_D",
      "id": "id",
      "isAdmin": false,
      "isAnonymous": false,
      "isDatasetManager": false,
      "lastName": "last_D",
      "teams": [
        {
          "id": "id",
          "isTeamManager": true,
          "name": "team_X2",
        },
      ],
    },
    "paused": false,
    "pendingInstances": 10,
    "priority": 90,
    "team": "69882b370d889b84020efd4f",
    "teamName": "team_X2",
    "tracingTime": "tracingTime",
  },
  {
    "created": "created",
    "expectedTime": 90,
    "id": "id",
    "isBlacklistedFromReport": false,
    "name": "Test_Project3(for_annotation_mutations)",
    "owner": {
      "email": "user_D@scalableminds.com",
      "firstName": "user_D",
      "id": "id",
      "isAdmin": false,
      "isAnonymous": false,
      "isDatasetManager": false,
      "lastName": "last_D",
      "teams": [
        {
          "id": "id",
          "isTeamManager": true,
          "name": "team_X2",
        },
      ],
    },
    "paused": false,
    "pendingInstances": 10,
    "priority": 100,
    "team": "69882b370d889b84020efd4f",
    "teamName": "team_X2",
    "tracingTime": "tracingTime",
  },
  {
    "created": "created",
    "expectedTime": 90,
    "id": "id",
    "isBlacklistedFromReport": false,
    "name": "Test_Project4",
    "owner": {
      "email": "user_A@scalableminds.com",
      "firstName": "user_A",
      "id": "id",
      "isAdmin": true,
      "isAnonymous": false,
      "isDatasetManager": true,
      "lastName": "last_A",
      "teams": [
        {
          "id": "id",
          "isTeamManager": true,
          "name": "team_X1",
        },
        {
          "id": "id",
          "isTeamManager": false,
          "name": "team_X3",
        },
        {
          "id": "id",
          "isTeamManager": true,
          "name": "team_X4",
        },
      ],
    },
    "paused": false,
    "pendingInstances": 0,
    "priority": 200,
    "team": "570b9f4b2a7c0e3b008da6ec",
    "teamName": "team_X1",
    "tracingTime": "tracingTime",
  },
]
`;

exports[`Project API (E2E) > increaseProjectTaskInstances 1`] = `
{
  "created": "created",
  "expectedTime": 90,
  "id": "id",
  "isBlacklistedFromReport": false,
  "name": "Test_Project2",
  "owner": {
    "email": "user_D@scalableminds.com",
    "firstName": "user_D",
    "id": "id",
    "isAdmin": false,
    "isAnonymous": false,
    "isDatasetManager": false,
    "lastName": "last_D",
    "teams": [
      {
        "id": "id",
        "isTeamManager": true,
        "name": "team_X2",
      },
    ],
  },
  "paused": false,
  "pendingInstances": 20,
  "priority": 90,
  "team": "69882b370d889b84020efd4f",
  "teamName": "team_X2",
  "tracingTime": "tracingTime",
}
`;

exports[`Project API (E2E) > pauseProject and resumeProject 1`] = `
{
  "created": "created",
  "expectedTime": 90,
  "id": "id",
  "isBlacklistedFromReport": false,
  "name": "Test_Project",
  "owner": {
    "email": "user_A@scalableminds.com",
    "firstName": "user_A",
    "id": "id",
    "isAdmin": true,
    "isAnonymous": false,
    "isDatasetManager": true,
    "lastName": "last_A",
    "teams": [
      {
        "id": "id",
        "isTeamManager": true,
        "name": "team_X1",
      },
      {
        "id": "id",
        "isTeamManager": false,
        "name": "team_X3",
      },
      {
        "id": "id",
        "isTeamManager": true,
        "name": "team_X4",
      },
    ],
  },
  "paused": true,
  "priority": 100,
  "team": "570b9f4b2a7c0e3b008da6ec",
  "teamName": "team_X1",
}
`;

exports[`Project API (E2E) > pauseProject and resumeProject 2`] = `
{
  "created": "created",
  "expectedTime": 90,
  "id": "id",
  "isBlacklistedFromReport": false,
  "name": "Test_Project",
  "owner": {
    "email": "user_A@scalableminds.com",
    "firstName": "user_A",
    "id": "id",
    "isAdmin": true,
    "isAnonymous": false,
    "isDatasetManager": true,
    "lastName": "last_A",
    "teams": [
      {
        "id": "id",
        "isTeamManager": true,
        "name": "team_X1",
      },
      {
        "id": "id",
        "isTeamManager": false,
        "name": "team_X3",
      },
      {
        "id": "id",
        "isTeamManager": true,
        "name": "team_X4",
      },
    ],
  },
  "paused": false,
  "priority": 100,
  "team": "570b9f4b2a7c0e3b008da6ec",
  "teamName": "team_X1",
}
`;

exports[`Project API (E2E) > updateProject(projectId: string, project: APIProjectType) 1`] = `
{
  "created": "created",
  "expectedTime": 5400000,
  "id": "id",
  "isBlacklistedFromReport": false,
  "name": "Test_Project",
  "owner": {
    "email": "user_A@scalableminds.com",
    "firstName": "user_A",
    "id": "id",
    "isAdmin": true,
    "isAnonymous": false,
    "isDatasetManager": true,
    "lastName": "last_A",
    "teams": [
      {
        "id": "id",
        "isTeamManager": true,
        "name": "team_X1",
      },
      {
        "id": "id",
        "isTeamManager": false,
        "name": "team_X3",
      },
      {
        "id": "id",
        "isTeamManager": true,
        "name": "team_X4",
      },
    ],
  },
  "paused": false,
  "priority": 1337,
  "team": "570b9f4b2a7c0e3b008da6ec",
  "teamName": "team_X1",
}
`;

exports[`Project API (E2E) > updateProject(projectId: string, project: APIProjectType) 2`] = `
{
  "created": "created",
  "expectedTime": 5400000,
  "id": "id",
  "isBlacklistedFromReport": false,
  "name": "Test_Project",
  "owner": {
    "email": "user_A@scalableminds.com",
    "firstName": "user_A",
    "id": "id",
    "isAdmin": true,
    "isAnonymous": false,
    "isDatasetManager": true,
    "lastName": "last_A",
    "teams": [
      {
        "id": "id",
        "isTeamManager": true,
        "name": "team_X1",
      },
      {
        "id": "id",
        "isTeamManager": false,
        "name": "team_X3",
      },
      {
        "id": "id",
        "isTeamManager": true,
        "name": "team_X4",
      },
    ],
  },
  "paused": false,
  "priority": 100,
  "team": "570b9f4b2a7c0e3b008da6ec",
  "teamName": "team_X1",
}
`;
