[
  {
    "actions": [
      {
        "name": "createTree",
        "value": {
          "actionTracingId": "skeletonTracingId-47e37793-d0be-4240-a371-87ce68561a13",
          "branchPoints": [],
          "color": [
            0.6784313725490196,
            0.1411764705882353,
            0.050980392156862744,
          ],
          "comments": [],
          "edgesAreVisible": true,
          "groupId": undefined,
          "id": 3,
          "isVisible": true,
          "metadata": [],
          "name": "agglomerate 1 (volumeTracingId)",
          "timestamp": 1494695001688,
          "type": "AGGLOMERATE",
          "updatedId": undefined,
        },
      },
      {
        "name": "createNode",
        "value": {
          "actionTracingId": "skeletonTracingId-47e37793-d0be-4240-a371-87ce68561a13",
          "additionalCoordinates": [],
          "bitDepth": 8,
          "id": 4,
          "interpolation": false,
          "position": [
            1,
            1,
            1,
          ],
          "radius": 1,
          "resolution": 1,
          "rotation": [
            0,
            0,
            0,
          ],
          "timestamp": 1494695001688,
          "treeId": 3,
          "viewport": 0,
        },
      },
      {
        "name": "createNode",
        "value": {
          "actionTracingId": "skeletonTracingId-47e37793-d0be-4240-a371-87ce68561a13",
          "additionalCoordinates": [],
          "bitDepth": 8,
          "id": 5,
          "interpolation": false,
          "position": [
            2,
            2,
            2,
          ],
          "radius": 1,
          "resolution": 1,
          "rotation": [
            0,
            0,
            0,
          ],
          "timestamp": 1494695001688,
          "treeId": 3,
          "viewport": 0,
        },
      },
      {
        "name": "createNode",
        "value": {
          "actionTracingId": "skeletonTracingId-47e37793-d0be-4240-a371-87ce68561a13",
          "additionalCoordinates": [],
          "bitDepth": 8,
          "id": 6,
          "interpolation": false,
          "position": [
            3,
            3,
            3,
          ],
          "radius": 1,
          "resolution": 1,
          "rotation": [
            0,
            0,
            0,
          ],
          "timestamp": 1494695001688,
          "treeId": 3,
          "viewport": 0,
        },
      },
      {
        "name": "createEdge",
        "value": {
          "actionTracingId": "skeletonTracingId-47e37793-d0be-4240-a371-87ce68561a13",
          "source": 5,
          "target": 4,
          "treeId": 3,
        },
      },
      {
        "name": "createEdge",
        "value": {
          "actionTracingId": "skeletonTracingId-47e37793-d0be-4240-a371-87ce68561a13",
          "source": 6,
          "target": 4,
          "treeId": 3,
        },
      },
    ],
    "authorId": "dummy-user-id",
    "info": "["SET_LAST_SAVE_TIMESTAMP","SHIFT_SAVE_QUEUE","DONE_SAVING","SET_SAVE_BUSY","ENSURE_TRACINGS_WERE_DIFFED_TO_SAVE_QUEUE","INITIALIZE_EDITABLE_MAPPING","SET_OTHERS_MAY_EDIT_FOR_ANNOTATION","LOAD_AGGLOMERATE_SKELETON","ADD_TREES_AND_GROUPS","ENSURE_TRACINGS_WERE_DIFFED_TO_SAVE_QUEUE"]",
    "stats": {
      "skeletonTracingId-47e37793-d0be-4240-a371-87ce68561a13": {
        "branchPointCount": 2,
        "edgeCount": 3,
        "nodeCount": 6,
        "treeCount": 3,
      },
      "volumeTracingId": {
        "segmentCount": 1,
      },
    },
    "timestamp": 1494695001688,
    "transactionGroupCount": 1,
    "transactionGroupIndex": 0,
    "transactionId": "dummyRequestId",
    "version": 7,
  },
]