[
  {
    "actions": [
      {
        "name": "updateTree",
        "value": {
          "actionTracingId": "skeletonTracingId-47e37793-d0be-4240-a371-87ce68561a13",
          "branchPoints": [],
          "color": [
            0.6784313725490196,
            0.1411764705882353,
            0.050980392156862744,
          ],
          "comments": [],
          "edgesAreVisible": true,
          "groupId": undefined,
          "id": 3,
          "isVisible": true,
          "metadata": [],
          "name": "agglomerate 1339 (volumeTracingId)",
          "timestamp": 1494695001688,
          "type": "AGGLOMERATE",
          "updatedId": 3,
        },
      },
    ],
    "authorId": "dummy-user-id",
    "info": "["SET_LAST_SAVE_TIMESTAMP","SHIFT_SAVE_QUEUE","DONE_SAVING","SET_SAVE_BUSY","SET_IS_MUTEX_ACQUIRED","SET_USER_HOLDING_MUTEX","ENSURE_TRACINGS_WERE_DIFFED_TO_SAVE_QUEUE","SET_MAPPING","FINISH_MAPPING_INITIALIZATION","SET_TREE_NAME"]",
    "stats": {
      "skeletonTracingId-47e37793-d0be-4240-a371-87ce68561a13": {
        "branchPointCount": 2,
        "edgeCount": 3,
        "nodeCount": 6,
        "treeCount": 3,
      },
      "volumeTracingId": {
        "segmentCount": 1,
      },
    },
    "timestamp": 1494695001688,
    "transactionGroupCount": 1,
    "transactionGroupIndex": 0,
    "transactionId": "dummyRequestId",
    "version": 10,
  },
]