[
  {
    "actions": [
      {
        "name": "splitAgglomerate",
        "value": {
          "actionTracingId": "volumeTracingId",
          "agglomerateId": 1,
          "segmentId1": 2,
          "segmentId2": 3,
        },
      },
    ],
    "authorId": "dummy-user-id",
    "info": "["SET_VERSION_NUMBER","SET_LAST_SAVE_TIMESTAMP","SHIFT_SAVE_QUEUE","DONE_SAVING","SET_SAVE_BUSY","SET_IS_MUTEX_ACQUIRED","SET_USER_HOLDING_MUTEX","ENSURE_TRACINGS_WERE_DIFFED_TO_SAVE_QUEUE","DELETE_EDGE","SET_BUSY_BLOCKING_INFO_ACTION"]",
    "stats": {
      "skeletonTracingId-47e37793-d0be-4240-a371-87ce68561a13": {
        "branchPointCount": 2,
        "edgeCount": 3,
        "nodeCount": 6,
        "treeCount": 3,
      },
      "volumeTracingId": {
        "segmentCount": 1,
      },
    },
    "timestamp": 1494695001688,
    "transactionGroupCount": 1,
    "transactionGroupIndex": 0,
    "transactionId": "dummyRequestId",
    "version": 9,
  },
]